[www.ilarialiprandi.com/index.html]
[backblue.gif]
[fade.gif]
[index.html]
[images.squarespace-cdn.com/content/596385906b8f5b5620c70b91/1499746654570-0OJI9YX2C6J57WSY7Y3W/Orange-40+-+Copia5d45.png]
[assets/universal/scripts-compressed/common-vendors-stable-7eaa020043cd8980b39ad-min.en-US.js]
[assets/universal/scripts-compressed/cldr-resource-pack-7d6dc599f0e9e5882dcca-min.en-US.js]
[assets/universal/scripts-compressed/moment-js-vendor-26ddeab7fa5f90b6c8cb3-min.en-US.js]
[assets/universal/scripts-compressed/performance-a7b609eccb65e08a74111-min.en-US.js]
[www.ilarialiprandi.com/welcome-1a409]
[static1.squarespace.com/static/sitecss/596385906b8f5b5620c70b91/21/52e96934e4b0ea14d0f64568/5963a2989de4bb5a7721d62f/1124-05142015/1539023135277/site.css]
[www.ilarialiprandi.com/resume.html]
[www.ilarialiprandi.com/portfolio.html]
[www.ilarialiprandi.com/contact.html]
[images.squarespace-cdn.com/content/v1/596385906b8f5b5620c70b91/1539023397239-1AKQUJ194F928XYOLAZE/ke17ZwdGBToddI8pDm48kDHPSfPanjkWqhH6pl6g5ph7gQa/ila.jpg]
[assets/universal/scripts-compressed/common-vendors-b898d527b7159c7c8cdb5-min.en-US.js]
[www.ilarialiprandi.com/index.html]
[static1.squarespace.com/static/ta/52e968b5e4b04d2aa2a3bba3/1124/scripts/site-bundle.js]
[assets/universal/scripts-compressed/common-903f41ae2a0e6c53ce926-min.en-US.js]
[assets/universal/images-v6/damask/error-dark.png]
[assets/universal/images-v6/damask/error-dark@2x.png]
[assets/universal/images-v6/damask/play-button.png]
[assets/universal/images-v6/damask/play-button@2x.png]
[assets/universal/images-v6/damask/edit-aviary-light.png]
[assets/universal/images-v6/damask/edit-aviary-light@2x.png]
[assets/universal/images-v6/damask/edit-info-light.png]
[assets/universal/images-v6/damask/edit-info-light@2x.png]
[assets/universal/images-v6/damask/trash-9-light.png]
[assets/universal/images-v6/damask/trash-9-light@2x.png]
[assets/universal/images-v6/damask/trash-9-red.png]
[assets/universal/images-v6/damask/trash-9-red@2x.png]
[assets/universal/images-v6/damask/getty-16-light.png]
[assets/universal/images-v6/damask/getty-32-light.png]
[assets/universal/images-v6/damask/shopping-cart-16-light.png]
[assets/universal/images-v6/damask/shopping-cart-32-light.png]
[static1.squarespace.com/universal/images-v6/icons/block-indicator-dark.png]
[static1.squarespace.com/universal/images-v6/icons/block-indicator-dark@2x.png]
[static1.squarespace.com/universal/images-v6/icons/opentable-icons.png]
[static1.squarespace.com/universal/images-v6/icons/icon-searchqueries-20-dark.png]
[static1.squarespace.com/universal/images-v6/icons/icon-searchqueries-20-light.png]
[assets/universal/images-v6/icons/icon-video-24-light-solid.png]
[static1.squarespace.com/universal/images-v6/damask/image-inside-64-dark.png]
[static1.squarespace.com/universal/images-v6/damask/image-inside-128-dark.png]
[assets/universal/images-v6/standard/icon_close_7_light.png]
[assets/universal/images-v6/icons/icon-settings-16-light.png]
[static1.squarespace.com/static/sitecss/596385906b8f5b5620c70b91/21/52e96934e4b0ea14d0f64568/5963a2989de4bb5a7721d62f/1124-05142015/1539023135277/site.css]
[www.ilarialiprandi.com/sky-italia-app-advertising.html]
[www.ilarialiprandi.com/resume.html]
[www.ilarialiprandi.com/salepepe.html]
[images.squarespace-cdn.com/content/v1/596385906b8f5b5620c70b91/1499741446344-5913SZ9SFFEG753FMYPO/ke17ZwdGBToddI8pDm48kLxnK526YWAH1qleWz-y7AFZw-z/image-asset.jpg]
[www.ilarialiprandi.com/mondadori-panorama.html]
[images.squarespace-cdn.com/content/v1/596385906b8f5b5620c70b91/1499741597226-1HMV3LPIX0DJ5KZA2HW5/ke17ZwdGBToddI8pDm48kLxnK526YWAH1qleWz-y7AFZw-z/image-asset.jpg]
[www.ilarialiprandi.com/sky-italia-web-selfcare.html]
[images.squarespace-cdn.com/content/v1/596385906b8f5b5620c70b91/1499742106905-XNO10TSCPG0ILOLSKI7U/ke17ZwdGBToddI8pDm48kLxnK526YWAH1qleWz-y7AFZw-z/image-asset.png]
[www.ilarialiprandi.com/sky-italia-mobile-app.html]
[images.squarespace-cdn.com/content/v1/596385906b8f5b5620c70b91/1499741520650-A0K4H9DPE3NW6S9I4VHN/ke17ZwdGBToddI8pDm48kLxnK526YWAH1qleWz-y7AFZw-z/image-asset.jpg]
[assets/universal/scripts-compressed/common-vendors-f7bdb9a3fab235e6129e5-min.en-US.js]
[images.squarespace-cdn.com/content/v1/596385906b8f5b5620c70b91/1499741024862-U6EM5HFKT78MLBRZH7BU/ke17ZwdGBToddI8pDm48kLxnK526YWAH1qleWz-y7AFZw-z/Crostata-ai-frutti-di-bosco-senza-cottura-725x545+(2).35]
[www.ilarialiprandi.com/ricette-donnamoderna.html]
[images.squarespace-cdn.com/content/v1/596385906b8f5b5620c70b91/1499740983632-FLFS383X2B3BGMK0ATKH/ke17ZwdGBToddI8pDm48kLxnK526YWAH1qleWz-y7AFZw-z/Gain-Support-Image+(2).jpg]
[assets/universal/scripts-compressed/common-53224d44887215cfc4ffd-min.en-US.js]
[www.ilarialiprandi.com/sky-italia-help-and-support.html]
[images.squarespace-cdn.com/content/v1/596385906b8f5b5620c70b91/1499741381336-NOWGOYXRW7ANSGKLGAF7/ke17ZwdGBToddI8pDm48kLxnK526YWAH1qleWz-y7AFZw-z/image-asset.png]
[images.squarespace-cdn.com/content/v1/596385906b8f5b5620c70b91/1499741068483-ZE37RH2VHOQ8JIEIF9MH/ke17ZwdGBToddI8pDm48kLxnK526YWAH1qleWz-y7AFZw-z/image-asset.png]
[www.ilarialiprandi.com/starbene.html]
[images.squarespace-cdn.com/content/v1/596385906b8f5b5620c70b91/1499741478864-TA1BE813E8DHHF9KWLYG/ke17ZwdGBToddI8pDm48kNH0Wyf5nsihEDQdVLq9DQVZw-z/image-asset.jpg]
[www.ilarialiprandi.com/tgcom-donne.html]
[images.squarespace-cdn.com/content/v1/596385906b8f5b5620c70b91/1499741351135-RX6D0PAI6A8ZA4PI9LH2/ke17ZwdGBToddI8pDm48kLxnK526YWAH1qleWz-y7AFZw-z/image-asset.jpg]
[www.ilarialiprandi.com/colazioni-bulgare.html]
[images.squarespace-cdn.com/content/v1/596385906b8f5b5620c70b91/1539022264601-4A3BA2GRVYV1ROOUFHS2/ke17ZwdGBToddI8pDm48kMBe6vrfbnh7w2ZfHm1nL3BZw-z/albertopolosite.png]
[www.ilarialiprandi.com/portfolio.html]
[www.ilarialiprandi.com/contact.html]
[images.squarespace-cdn.com/content/v1/596385906b8f5b5620c70b91/1518213484157-ZFBRZLNDZBK7ZKYHDGOK/ke17ZwdGBToddI8pDm48kEbumxHoER6WrxLpKXIE1y0Uqsx/app5.png]
[images.squarespace-cdn.com/content/v1/596385906b8f5b5620c70b91/1518213467140-WQQD9VVJRS3GXEREC4MI/ke17ZwdGBToddI8pDm48kBCkz3HEJqDXQN-U845zZK0Uqsx/ass1.png]
[images.squarespace-cdn.com/content/v1/596385906b8f5b5620c70b91/1518213498946-6INI49YWJD2Y1RW0MOJG/ke17ZwdGBToddI8pDm48kO2sBtmUVORQCMhdYjJfp88Uqsx/sp1.png]
[www.ilarialiprandi.com/sky-italia-app-advertising.html]
[images.squarespace-cdn.com/content/v1/596385906b8f5b5620c70b91/1518201310475-VDWP4SS0M7ZUOR9U9EEB/ke17ZwdGBToddI8pDm48kNnwOGgtEalFx1-2kJclF3AUqsx/sp1.png]
[images.squarespace-cdn.com/content/v1/596385906b8f5b5620c70b91/1518201310781-EHVIHI43I2O2FG55OSXO/ke17ZwdGBToddI8pDm48kK3WCuDZrcTe_SzhlhvqwQVZw-z/sp2.png]
[images.squarespace-cdn.com/content/v1/596385906b8f5b5620c70b91/1518210984108-WUK69ARXH0NUDZRFYCRR/ke17ZwdGBToddI8pDm48kG46izsE778l8MsgPe7lxscUqsx/pano.png]
[images.squarespace-cdn.com/content/v1/596385906b8f5b5620c70b91/1518211507938-5P1AZS9JOTFJJEK06RHS/ke17ZwdGBToddI8pDm48kEbumxHoER6WrxLpKXIE1y0Uqsx/app5.png]
[images.squarespace-cdn.com/content/v1/596385906b8f5b5620c70b91/1518211021790-ZY0RX506VG7Z5BOS7NW1/ke17ZwdGBToddI8pDm48kJRJNvFCuayJSU2LqTJcWQ4Uqsx/sb1.png]
[www.ilarialiprandi.com/salepepe.html]
[images.squarespace-cdn.com/content/v1/596385906b8f5b5620c70b91/1518200930900-JIBDT3I7BEXWX480KJDY/ke17ZwdGBToddI8pDm48kHO2GtP1Jk-8bv8fzE3-dzYUqsx/pano.png]
[images.squarespace-cdn.com/content/v1/596385906b8f5b5620c70b91/1518200930820-7N9WE8ES6RSA74IG7VIN/ke17ZwdGBToddI8pDm48kKERopBlNGuoGA54XHJ9MgkUqsx/pano2.png]
[images.squarespace-cdn.com/content/v1/596385906b8f5b5620c70b91/1518211763543-WX7TMEUD8SL17HOF2QJY/ke17ZwdGBToddI8pDm48kEbumxHoER6WrxLpKXIE1y0Uqsx/app5.png]
[images.squarespace-cdn.com/content/v1/596385906b8f5b5620c70b91/1518211809508-RTQBN343YMXE4ZZGEHJQ/ke17ZwdGBToddI8pDm48kO2sBtmUVORQCMhdYjJfp88Uqsx/sp1.png]
[images.squarespace-cdn.com/content/v1/596385906b8f5b5620c70b91/1518211845661-TCFT922VYZXUXJNBLL69/ke17ZwdGBToddI8pDm48kEbumxHoER6WrxLpKXIE1y0Uqsx/dmc2.png]
[www.ilarialiprandi.com/mondadori-panorama.html]
[images.squarespace-cdn.com/content/v1/596385906b8f5b5620c70b91/1518213800347-J1IW19AR0AGSNFD4WJAR/ke17ZwdGBToddI8pDm48kEbumxHoER6WrxLpKXIE1y0Uqsx/image-asset.png]
[images.squarespace-cdn.com/content/v1/596385906b8f5b5620c70b91/1518213789588-WRUU4V8CBM5UGZ3G528A/ke17ZwdGBToddI8pDm48kBCkz3HEJqDXQN-U845zZK0Uqsx/image-asset.png]
[images.squarespace-cdn.com/content/v1/596385906b8f5b5620c70b91/1518213813462-MXH2VHQIJ58DNVDQHLZK/ke17ZwdGBToddI8pDm48kJRJNvFCuayJSU2LqTJcWQ4Uqsx/sb1.png]
[www.ilarialiprandi.com/sky-italia-web-selfcare.html]
[images.squarespace-cdn.com/content/v1/596385906b8f5b5620c70b91/1518209451458-MOBZ8MXHSMQXNDSP4581/ke17ZwdGBToddI8pDm48kGRiFpKFGmRFmyO1ncSIxPYUqsx/app.png]
[images.squarespace-cdn.com/content/v1/596385906b8f5b5620c70b91/1518209451698-2CC2L6KEYEEBMSH9A4Z7/ke17ZwdGBToddI8pDm48kP2_VcEnRxJiZlsJ1mhIb0JZw-z/app2.png]
[images.squarespace-cdn.com/content/v1/596385906b8f5b5620c70b91/1518209452164-3Q7GX2ZZL2OEUVTACHP1/ke17ZwdGBToddI8pDm48kJAj7TXu-xMRjSHpLB4WYFlZw-z/app3.png]
[images.squarespace-cdn.com/content/v1/596385906b8f5b5620c70b91/1518209452786-6ADF055JY81M7XUUB2UP/ke17ZwdGBToddI8pDm48kLgRG7ne5oisVko7ISAJqTVZw-z/app4.png]
[images.squarespace-cdn.com/content/v1/596385906b8f5b5620c70b91/1518212028046-WLRF0YD57Z8VBU2ENS11/ke17ZwdGBToddI8pDm48kG46izsE778l8MsgPe7lxscUqsx/pano.png]
[images.squarespace-cdn.com/content/v1/596385906b8f5b5620c70b91/1518212041968-48084PXJ5BO06WG8MW37/ke17ZwdGBToddI8pDm48kEbumxHoER6WrxLpKXIE1y0Uqsx/dmc2.png]
[images.squarespace-cdn.com/content/v1/596385906b8f5b5620c70b91/1518212164476-W2W5VEWSZCH0AUFHFTY9/ke17ZwdGBToddI8pDm48kBCkz3HEJqDXQN-U845zZK0Uqsx/ass1.png]
[www.ilarialiprandi.com/sky-italia-mobile-app.html]
[images.squarespace-cdn.com/content/v1/596385906b8f5b5620c70b91/1518208795155-FJRTTEADHY9TXS2P910E/ke17ZwdGBToddI8pDm48kGA4smMFR16feLRGZGq5rkgUqsx/dmc1.png]
[assets/universal/scripts-compressed/common-vendors-261aba0b7a024892e8c55-min.en-US.js]
[images.squarespace-cdn.com/content/v1/596385906b8f5b5620c70b91/1518208796255-XEJ0HJVN7DVMZZFPXGX8/ke17ZwdGBToddI8pDm48kFtjczW_fxnlvH6fxh2f9kMUqsx/dmc2.png]
[images.squarespace-cdn.com/content/v1/596385906b8f5b5620c70b91/1518209805913-3QW8MM5V0IXGYA9ZKSBP/ke17ZwdGBToddI8pDm48kPd2hM-CH8cJqTznE4cDkiIUqsx/sb1.png]
[images.squarespace-cdn.com/content/v1/596385906b8f5b5620c70b91/1518210324080-8JN2UASK5LW0VD317H0S/ke17ZwdGBToddI8pDm48kG46izsE778l8MsgPe7lxscUqsx/pano.png]
[images.squarespace-cdn.com/content/v1/596385906b8f5b5620c70b91/1518210022822-KFJ9VN4D2V8KXWRRTX0I/ke17ZwdGBToddI8pDm48kO2sBtmUVORQCMhdYjJfp88Uqsx/sp1.png]
[www.ilarialiprandi.com/ricette-donnamoderna.html]
[images.squarespace-cdn.com/content/v1/596385906b8f5b5620c70b91/1518209493540-256GADTOWCGO52Q17AEO/ke17ZwdGBToddI8pDm48kJFa5C5H3scs_IWEIDo5bpAUqsx/ass1.png]
[assets/universal/scripts-compressed/common-vendors-9c1a918f31382f489582c-min.en-US.js]
[images.squarespace-cdn.com/content/v1/596385906b8f5b5620c70b91/1518209492677-0H7BC37KOOLTVORPUDX1/ke17ZwdGBToddI8pDm48kAhFr3668HYs6fLkRuymoloUqsx/ass2.png]
[www.ilarialiprandi.com/sky-italia-help-and-support.html]
[images.squarespace-cdn.com/content/v1/596385906b8f5b5620c70b91/1518208477628-LYW89ZNI4WO79BHQIQJT/ke17ZwdGBToddI8pDm48kPd2hM-CH8cJqTznE4cDkiIUqsx/sb1.png]
[images.squarespace-cdn.com/content/v1/596385906b8f5b5620c70b91/1518208476544-3H0E3BZG8U9Q4JHET4KX/ke17ZwdGBToddI8pDm48kJW6bdiAvqEWs5lBWWeP09UUqsx/sb2.png]
[www.ilarialiprandi.com/starbene.html]
[images.squarespace-cdn.com/content/v1/596385906b8f5b5620c70b91/1518209038262-8LR7KFEMTEOC32BTBSEN/ke17ZwdGBToddI8pDm48kEaaTGGlS3CGlRCmMUYaIl0Uqsx/tgcomdonne1.png]
[images.squarespace-cdn.com/content/v1/596385906b8f5b5620c70b91/1518209038054-U48RW8K589KAFQX164M4/ke17ZwdGBToddI8pDm48kOmFxgR9AgN084M9xNlMOIoUqsx/tgcomdonne2.png]
[images.squarespace-cdn.com/content/v1/596385906b8f5b5620c70b91/1518213976734-9U9Z8K958DABMB38IGY8/ke17ZwdGBToddI8pDm48kEbumxHoER6WrxLpKXIE1y0Uqsx/dmc2.png]
[images.squarespace-cdn.com/content/v1/596385906b8f5b5620c70b91/1518213949188-JFAUZY5OS1X7J7N92S75/ke17ZwdGBToddI8pDm48kEbumxHoER6WrxLpKXIE1y0Uqsx/app5.png]
[images.squarespace-cdn.com/content/v1/596385906b8f5b5620c70b91/1518213961403-91Z55SLI0A05QSMG5GEG/ke17ZwdGBToddI8pDm48kBCkz3HEJqDXQN-U845zZK0Uqsx/image-asset.png]
[www.ilarialiprandi.com/tgcom-donne.html]
[www.ilarialiprandi.com/colazioni-bulgare.html]
